PHASE 4 GEODESIC-NICHING SUMMARY
config: results\phase5\configs\contribution_geodesic_niching_seed_1001.yaml
seed: 1001
archive_assignment: approximate_geodesic_nearest_centroid_in_2d_latent_space
autoencoder final loss: train=0.534104, validation=0.506415
runtime: 20000 evals in 1026.840s = 19.48 eval/s
final archive: filled=192, coverage=30.720%, QD-score=4450.311, raw QD-score=3490.311, max fitness=30.635, mean fitness=18.179, occupancy_entropy=0.817
pairwise descriptor distances: euclidean=20.990, knn-geodesic=21.173, finite=1.000
trajectory loops: bootstrap=630/2000 (31.500%), later=17011/18000 (94.506%)
latent outside bounds: overall=0.385%, post-bootstrap=0.428%
reconstruction MSE: overall=0.067395, near-still=0.000197, loop=0.074816
geodesic graph: support=1625, visited=20000, centroids=625, rolling_buffer=1000, k=20, refreshes=42, finite_centroid_fraction=0.426, components=1, penalized=583050
output files:
  results\phase5\contribution_geodesic_niching\seed_1001\archive_cells.csv
  results\phase5\contribution_geodesic_niching\seed_1001\metrics.csv
  results\phase5\contribution_geodesic_niching\seed_1001\evaluations.csv
  results\phase5\contribution_geodesic_niching\seed_1001\visited_latents_final_space.csv
  results\phase5\contribution_geodesic_niching\seed_1001\geodesic_graph_support_points.csv
  results\phase5\contribution_geodesic_niching\seed_1001\autoencoder_loss.csv
  results\phase5\contribution_geodesic_niching\seed_1001\autoencoder_loss.png
  results\phase5\contribution_geodesic_niching\seed_1001\autoencoder_loss.pdf
  results\phase5\contribution_geodesic_niching\seed_1001\trajectory_reconstruction_examples.png
  results\phase5\contribution_geodesic_niching\seed_1001\trajectory_reconstruction_examples.pdf
  results\phase5\contribution_geodesic_niching\seed_1001\archive_heatmap_geodesic_latent.png
  results\phase5\contribution_geodesic_niching\seed_1001\archive_heatmap_geodesic_latent.pdf
  results\phase5\contribution_geodesic_niching\seed_1001\qd_score_coverage_curves.png
  results\phase5\contribution_geodesic_niching\seed_1001\qd_score_coverage_curves.pdf
  results\phase5\contribution_geodesic_niching\seed_1001\phase4_summary.json
