PHASE 3 AURORA-STYLE EUCLIDEAN BASELINE SUMMARY
config: results\phase6_open_robustness\configs\baseline_b_learned_bd_euclidean_seed_1001.yaml
env_config: configs/phase1_open_robustness.yaml
seed: 1001
descriptor: learned_trajectory_autoencoder_latent
archive_assignment: euclidean_grid_in_2d_latent_space
autoencoder_device: cuda
autoencoder final loss: train=0.557300, validation=0.565198
runtime: 20000 evals in 914.774s = 21.86 eval/s
final archive: filled=277, coverage=44.320%, QD-score=6668.879, raw QD-score=5283.879, max fitness=33.075, mean fitness=19.075
pairwise descriptor distances: euclidean=20.057, knn-geodesic=22.412, finite=1.000
trajectory loops: bootstrap=653/2000 (32.650%), later=16165/18000 (89.806%)
latent clipping: overall=0.035%, post-bootstrap=0.039%
reconstruction MSE: overall=0.103050, near-still=0.000473, loop=0.117135
output files:
  results\phase6_open_robustness\baseline_b_learned_bd_euclidean\seed_1001\archive_cells.csv
  results\phase6_open_robustness\baseline_b_learned_bd_euclidean\seed_1001\metrics.csv
  results\phase6_open_robustness\baseline_b_learned_bd_euclidean\seed_1001\evaluations.csv
  results\phase6_open_robustness\baseline_b_learned_bd_euclidean\seed_1001\autoencoder_loss.csv
  results\phase6_open_robustness\baseline_b_learned_bd_euclidean\seed_1001\latent_dim_sanity.csv
  results\phase6_open_robustness\baseline_b_learned_bd_euclidean\seed_1001\autoencoder_final.pt
  results\phase6_open_robustness\baseline_b_learned_bd_euclidean\seed_1001\representative_trajectory_sample.npz
  results\phase6_open_robustness\baseline_b_learned_bd_euclidean\seed_1001\representative_trajectory_sample.csv
  results\phase6_open_robustness\baseline_b_learned_bd_euclidean\seed_1001\autoencoder_loss.png
  results\phase6_open_robustness\baseline_b_learned_bd_euclidean\seed_1001\autoencoder_loss.pdf
  results\phase6_open_robustness\baseline_b_learned_bd_euclidean\seed_1001\trajectory_reconstruction_examples.png
  results\phase6_open_robustness\baseline_b_learned_bd_euclidean\seed_1001\trajectory_reconstruction_examples.pdf
  results\phase6_open_robustness\baseline_b_learned_bd_euclidean\seed_1001\archive_heatmap_learned_latent.png
  results\phase6_open_robustness\baseline_b_learned_bd_euclidean\seed_1001\archive_heatmap_learned_latent.pdf
  results\phase6_open_robustness\baseline_b_learned_bd_euclidean\seed_1001\qd_score_coverage_curves.png
  results\phase6_open_robustness\baseline_b_learned_bd_euclidean\seed_1001\qd_score_coverage_curves.pdf
  results\phase6_open_robustness\baseline_b_learned_bd_euclidean\seed_1001\phase3_summary.json
