PHASE 3 AURORA-STYLE EUCLIDEAN BASELINE SUMMARY
config: results\phase5\configs\baseline_b_learned_bd_euclidean_seed_1002.yaml
env_config: configs/phase1_horseshoe.yaml
seed: 1002
descriptor: learned_trajectory_autoencoder_latent
archive_assignment: euclidean_grid_in_2d_latent_space
autoencoder_device: cuda
autoencoder final loss: train=0.611566, validation=0.525028
runtime: 20000 evals in 1062.934s = 18.82 eval/s
final archive: filled=272, coverage=43.520%, QD-score=5780.067, raw QD-score=4420.067, max fitness=32.600, mean fitness=16.250
pairwise descriptor distances: euclidean=22.141, knn-geodesic=24.480, finite=1.000
trajectory loops: bootstrap=625/2000 (31.250%), later=16937/18000 (94.094%)
latent clipping: overall=0.045%, post-bootstrap=0.050%
reconstruction MSE: overall=0.078334, near-still=0.000270, loop=0.086705
output files:
  results\phase5\baseline_b_learned_bd_euclidean\seed_1002\archive_cells.csv
  results\phase5\baseline_b_learned_bd_euclidean\seed_1002\metrics.csv
  results\phase5\baseline_b_learned_bd_euclidean\seed_1002\evaluations.csv
  results\phase5\baseline_b_learned_bd_euclidean\seed_1002\autoencoder_loss.csv
  results\phase5\baseline_b_learned_bd_euclidean\seed_1002\latent_dim_sanity.csv
  results\phase5\baseline_b_learned_bd_euclidean\seed_1002\autoencoder_final.pt
  results\phase5\baseline_b_learned_bd_euclidean\seed_1002\representative_trajectory_sample.npz
  results\phase5\baseline_b_learned_bd_euclidean\seed_1002\representative_trajectory_sample.csv
  results\phase5\baseline_b_learned_bd_euclidean\seed_1002\autoencoder_loss.png
  results\phase5\baseline_b_learned_bd_euclidean\seed_1002\autoencoder_loss.pdf
  results\phase5\baseline_b_learned_bd_euclidean\seed_1002\trajectory_reconstruction_examples.png
  results\phase5\baseline_b_learned_bd_euclidean\seed_1002\trajectory_reconstruction_examples.pdf
  results\phase5\baseline_b_learned_bd_euclidean\seed_1002\archive_heatmap_learned_latent.png
  results\phase5\baseline_b_learned_bd_euclidean\seed_1002\archive_heatmap_learned_latent.pdf
  results\phase5\baseline_b_learned_bd_euclidean\seed_1002\qd_score_coverage_curves.png
  results\phase5\baseline_b_learned_bd_euclidean\seed_1002\qd_score_coverage_curves.pdf
  results\phase5\baseline_b_learned_bd_euclidean\seed_1002\phase3_summary.json
